// Vitest Snapshot v1, https://vitest.dev/guide/snapshot.html

exports[`fixtures > fragment 1`] = `
"<b is="">bar</b>
"
`;

exports[`fixtures > fragment 2`] = `
"<select>
  <template>
    <img src="x">
  </template>
</select>
"
`;

exports[`fixtures > html 1`] = `
"<html lang="en"><head>
    
    
    
    <title>Document</title>
  </head>
  <body>
    <img src="/whatever-error">
    
  

</body></html>"
`;

exports[`fixtures > svg 1`] = `
"<svg>
  <text>Hello World!</text>
  
</svg>"
`;

exports[`fixtures > svg 2`] = `
"<svg width="24" height="16" viewBox="0 0 24 16" xmlns="http://www.w3.org/2000/svg">
  
    
    
      11111
      
      
    
  
</svg>"
`;

exports[`fixtures > svg 3`] = `
"<svg class="icon" viewBox="0 0 1024 1024" xmlns="http://www.w3.org/2000/svg" width="200" height="200">
  
  
</svg>"
`;
